Archive member included to satisfy reference by file (symbol)

c:/program files (x86)/gnu arm embedded toolchain/10 2021.10/bin/../lib/gcc/arm-none-eabi/10.3.1/../../../../arm-none-eabi/lib/thumb/v7e-m/nofp\libg_nano.a(lib_a-errno.o)
                              ./system/src/newlib/sbrk.o (__errno)
c:/program files (x86)/gnu arm embedded toolchain/10 2021.10/bin/../lib/gcc/arm-none-eabi/10.3.1/../../../../arm-none-eabi/lib/thumb/v7e-m/nofp\libg_nano.a(lib_a-impure.o)
                              c:/program files (x86)/gnu arm embedded toolchain/10 2021.10/bin/../lib/gcc/arm-none-eabi/10.3.1/../../../../arm-none-eabi/lib/thumb/v7e-m/nofp\libg_nano.a(lib_a-errno.o) (_impure_ptr)

Discarded input sections

 .text          0x00000000        0x0 ./system/src/newlib/assert.o
 .data          0x00000000        0x0 ./system/src/newlib/assert.o
 .bss           0x00000000        0x0 ./system/src/newlib/assert.o
 .text.__assert_func
                0x00000000        0x6 ./system/src/newlib/assert.o
 .debug_info    0x00000000      0x120 ./system/src/newlib/assert.o
 .debug_abbrev  0x00000000       0xb6 ./system/src/newlib/assert.o
 .debug_loc     0x00000000       0x94 ./system/src/newlib/assert.o
 .debug_aranges
                0x00000000       0x20 ./system/src/newlib/assert.o
 .debug_ranges  0x00000000       0x10 ./system/src/newlib/assert.o
 .debug_line    0x00000000       0xf5 ./system/src/newlib/assert.o
 .debug_str     0x00000000      0x1e3 ./system/src/newlib/assert.o
 .comment       0x00000000       0x4a ./system/src/newlib/assert.o
 .debug_frame   0x00000000       0x28 ./system/src/newlib/assert.o
 .ARM.attributes
                0x00000000       0x2e ./system/src/newlib/assert.o
 .text          0x00000000        0x0 ./system/src/newlib/cxx.o
 .data          0x00000000        0x0 ./system/src/newlib/cxx.o
 .bss           0x00000000        0x0 ./system/src/newlib/cxx.o
 .text._ZN9__gnu_cxx27__verbose_terminate_handlerEv
                0x00000000        0x6 ./system/src/newlib/cxx.o
 .text.__cxa_pure_virtual
                0x00000000        0x6 ./system/src/newlib/cxx.o
 .debug_info    0x00000000      0x7a5 ./system/src/newlib/cxx.o
 .debug_abbrev  0x00000000      0x225 ./system/src/newlib/cxx.o
 .debug_aranges
                0x00000000       0x20 ./system/src/newlib/cxx.o
 .debug_ranges  0x00000000       0x10 ./system/src/newlib/cxx.o
 .debug_line    0x00000000      0x2cf ./system/src/newlib/cxx.o
 .debug_str     0x00000000      0x3e0 ./system/src/newlib/cxx.o
 .comment       0x00000000       0x4a ./system/src/newlib/cxx.o
 .debug_frame   0x00000000       0x40 ./system/src/newlib/cxx.o
 .ARM.attributes
                0x00000000       0x2e ./system/src/newlib/cxx.o
 .text          0x00000000        0x0 ./system/src/newlib/exit.o
 .data          0x00000000        0x0 ./system/src/newlib/exit.o
 .bss           0x00000000        0x0 ./system/src/newlib/exit.o
 .text.abort    0x00000000        0x8 ./system/src/newlib/exit.o
 .text          0x00000000        0x0 ./system/src/newlib/sbrk.o
 .data          0x00000000        0x0 ./system/src/newlib/sbrk.o
 .bss           0x00000000        0x0 ./system/src/newlib/sbrk.o
 .text._sbrk    0x00000000       0x3c ./system/src/newlib/sbrk.o
 .bss.current_heap_end.0
                0x00000000        0x4 ./system/src/newlib/sbrk.o
 .debug_info    0x00000000      0x10e ./system/src/newlib/sbrk.o
 .debug_abbrev  0x00000000       0xca ./system/src/newlib/sbrk.o
 .debug_loc     0x00000000       0x78 ./system/src/newlib/sbrk.o
 .debug_aranges
                0x00000000       0x20 ./system/src/newlib/sbrk.o
 .debug_ranges  0x00000000       0x10 ./system/src/newlib/sbrk.o
 .debug_line    0x00000000      0x11f ./system/src/newlib/sbrk.o
 .debug_str     0x00000000      0x1f9 ./system/src/newlib/sbrk.o
 .comment       0x00000000       0x4a ./system/src/newlib/sbrk.o
 .debug_frame   0x00000000       0x28 ./system/src/newlib/sbrk.o
 .ARM.attributes
                0x00000000       0x2e ./system/src/newlib/sbrk.o
 .text          0x00000000        0x0 ./system/src/newlib/startup.o
 .data          0x00000000        0x0 ./system/src/newlib/startup.o
 .bss           0x00000000        0x0 ./system/src/newlib/startup.o
 .text.__initialize_data
                0x00000000       0x10 ./system/src/newlib/startup.o
 .text.__initialize_bss
                0x00000000        0xe ./system/src/newlib/startup.o
 .text.__run_init_array
                0x00000000       0x44 ./system/src/newlib/startup.o
 .text.__run_fini_array
                0x00000000       0x24 ./system/src/newlib/startup.o
 .text          0x00000000        0x0 ./system/src/newlib/syscalls.o
 .data          0x00000000        0x0 ./system/src/newlib/syscalls.o
 .bss           0x00000000        0x0 ./system/src/newlib/syscalls.o
 .text.raise    0x00000000       0x10 ./system/src/newlib/syscalls.o
 .text.kill     0x00000000       0x10 ./system/src/newlib/syscalls.o
 .bss.__dso_handle
                0x00000000        0x4 ./system/src/newlib/syscalls.o
 .bss.errno     0x00000000        0x4 ./system/src/newlib/syscalls.o
 .text          0x00000000        0x0 ./system/src/diag/trace-impl.o
 .data          0x00000000        0x0 ./system/src/diag/trace-impl.o
 .bss           0x00000000        0x0 ./system/src/diag/trace-impl.o
 .debug_line    0x00000000        0x0 ./system/src/diag/trace-impl.o
 .debug_str     0x00000000      0x10e ./system/src/diag/trace-impl.o
 .comment       0x00000000       0x4a ./system/src/diag/trace-impl.o
 .ARM.attributes
                0x00000000       0x2e ./system/src/diag/trace-impl.o
 .text          0x00000000        0x0 ./system/src/diag/trace.o
 .data          0x00000000        0x0 ./system/src/diag/trace.o
 .bss           0x00000000        0x0 ./system/src/diag/trace.o
 .debug_line    0x00000000        0x0 ./system/src/diag/trace.o
 .debug_str     0x00000000      0x109 ./system/src/diag/trace.o
 .comment       0x00000000       0x4a ./system/src/diag/trace.o
 .ARM.attributes
                0x00000000       0x2e ./system/src/diag/trace.o
 .text          0x00000000        0x0 ./system/src/cortexm/exception-handlers.o
 .data          0x00000000        0x0 ./system/src/cortexm/exception-handlers.o
 .bss           0x00000000        0x0 ./system/src/cortexm/exception-handlers.o
 .text          0x00000000        0x0 ./system/src/cortexm/initialize-hardware.o
 .data          0x00000000        0x0 ./system/src/cortexm/initialize-hardware.o
 .bss           0x00000000        0x0 ./system/src/cortexm/initialize-hardware.o
 .text          0x00000000        0x0 ./system/src/cortexm/reset-hardware.o
 .data          0x00000000        0x0 ./system/src/cortexm/reset-hardware.o
 .bss           0x00000000        0x0 ./system/src/cortexm/reset-hardware.o
 .text          0x00000000        0x0 ./system/src/cmsis/system_stm32f4xx.o
 .data          0x00000000        0x0 ./system/src/cmsis/system_stm32f4xx.o
 .bss           0x00000000        0x0 ./system/src/cmsis/system_stm32f4xx.o
 .rodata.APBPrescTable
                0x00000000        0x8 ./system/src/cmsis/system_stm32f4xx.o
 .text          0x00000000        0x0 ./system/src/cmsis/vectors_stm32f401xe.o
 .data          0x00000000        0x0 ./system/src/cmsis/vectors_stm32f401xe.o
 .bss           0x00000000        0x0 ./system/src/cmsis/vectors_stm32f401xe.o
 .text          0x00000000        0x0 ./src/main.o
 .data          0x00000000        0x0 ./src/main.o
 .bss           0x00000000        0x0 ./src/main.o
 .bss.firstTimePress
                0x00000000        0x1 ./src/main.o
 .text          0x00000000        0x0 ./Rcc/Rcc.o
 .data          0x00000000        0x0 ./Rcc/Rcc.o
 .bss           0x00000000        0x0 ./Rcc/Rcc.o
 .text.Rcc_Disable
                0x00000000       0x68 ./Rcc/Rcc.o
 .text          0x00000000        0x0 ./Gpio/Gpio.o
 .data          0x00000000        0x0 ./Gpio/Gpio.o
 .bss           0x00000000        0x0 ./Gpio/Gpio.o
 .text          0x00000000        0x0 ./GPT/GPT.o
 .data          0x00000000        0x0 ./GPT/GPT.o
 .bss           0x00000000        0x0 ./GPT/GPT.o
 .text.GPT_GetRemainingTime
                0x00000000       0x28 ./GPT/GPT.o
 .bss.remainingTime
                0x00000000        0x4 ./GPT/GPT.o
 .text          0x00000000        0x0 c:/program files (x86)/gnu arm embedded toolchain/10 2021.10/bin/../lib/gcc/arm-none-eabi/10.3.1/../../../../arm-none-eabi/lib/thumb/v7e-m/nofp\libg_nano.a(lib_a-errno.o)
 .data          0x00000000        0x0 c:/program files (x86)/gnu arm embedded toolchain/10 2021.10/bin/../lib/gcc/arm-none-eabi/10.3.1/../../../../arm-none-eabi/lib/thumb/v7e-m/nofp\libg_nano.a(lib_a-errno.o)
 .bss           0x00000000        0x0 c:/program files (x86)/gnu arm embedded toolchain/10 2021.10/bin/../lib/gcc/arm-none-eabi/10.3.1/../../../../arm-none-eabi/lib/thumb/v7e-m/nofp\libg_nano.a(lib_a-errno.o)
 .text.__errno  0x00000000        0xc c:/program files (x86)/gnu arm embedded toolchain/10 2021.10/bin/../lib/gcc/arm-none-eabi/10.3.1/../../../../arm-none-eabi/lib/thumb/v7e-m/nofp\libg_nano.a(lib_a-errno.o)
 .debug_frame   0x00000000       0x20 c:/program files (x86)/gnu arm embedded toolchain/10 2021.10/bin/../lib/gcc/arm-none-eabi/10.3.1/../../../../arm-none-eabi/lib/thumb/v7e-m/nofp\libg_nano.a(lib_a-errno.o)
 .ARM.attributes
                0x00000000       0x2e c:/program files (x86)/gnu arm embedded toolchain/10 2021.10/bin/../lib/gcc/arm-none-eabi/10.3.1/../../../../arm-none-eabi/lib/thumb/v7e-m/nofp\libg_nano.a(lib_a-errno.o)
 .text          0x00000000        0x0 c:/program files (x86)/gnu arm embedded toolchain/10 2021.10/bin/../lib/gcc/arm-none-eabi/10.3.1/../../../../arm-none-eabi/lib/thumb/v7e-m/nofp\libg_nano.a(lib_a-impure.o)
 .data          0x00000000        0x0 c:/program files (x86)/gnu arm embedded toolchain/10 2021.10/bin/../lib/gcc/arm-none-eabi/10.3.1/../../../../arm-none-eabi/lib/thumb/v7e-m/nofp\libg_nano.a(lib_a-impure.o)
 .bss           0x00000000        0x0 c:/program files (x86)/gnu arm embedded toolchain/10 2021.10/bin/../lib/gcc/arm-none-eabi/10.3.1/../../../../arm-none-eabi/lib/thumb/v7e-m/nofp\libg_nano.a(lib_a-impure.o)
 .data._impure_ptr
                0x00000000        0x4 c:/program files (x86)/gnu arm embedded toolchain/10 2021.10/bin/../lib/gcc/arm-none-eabi/10.3.1/../../../../arm-none-eabi/lib/thumb/v7e-m/nofp\libg_nano.a(lib_a-impure.o)
 .data.impure_data
                0x00000000       0x60 c:/program files (x86)/gnu arm embedded toolchain/10 2021.10/bin/../lib/gcc/arm-none-eabi/10.3.1/../../../../arm-none-eabi/lib/thumb/v7e-m/nofp\libg_nano.a(lib_a-impure.o)
 .rodata._global_impure_ptr
                0x00000000        0x4 c:/program files (x86)/gnu arm embedded toolchain/10 2021.10/bin/../lib/gcc/arm-none-eabi/10.3.1/../../../../arm-none-eabi/lib/thumb/v7e-m/nofp\libg_nano.a(lib_a-impure.o)
 .ARM.attributes
                0x00000000       0x2e c:/program files (x86)/gnu arm embedded toolchain/10 2021.10/bin/../lib/gcc/arm-none-eabi/10.3.1/../../../../arm-none-eabi/lib/thumb/v7e-m/nofp\libg_nano.a(lib_a-impure.o)

Memory Configuration

Name             Origin             Length             Attributes
RAM              0x20000000         0x00010000         xrw
CCMRAM           0x10000000         0x00000000         xrw
FLASH            0x08000000         0x00100000         xr
FLASHB1          0x00000000         0x00000000         xr
EXTMEMB0         0x00000000         0x00000000         xr
EXTMEMB1         0x00000000         0x00000000         xr
EXTMEMB2         0x00000000         0x00000000         xr
EXTMEMB3         0x00000000         0x00000000         xr
*default*        0x00000000         0xffffffff

Linker script and memory map

LOAD ./system/src/newlib/assert.o
LOAD ./system/src/newlib/cxx.o
LOAD ./system/src/newlib/exit.o
LOAD ./system/src/newlib/sbrk.o
LOAD ./system/src/newlib/startup.o
LOAD ./system/src/newlib/syscalls.o
LOAD ./system/src/diag/trace-impl.o
LOAD ./system/src/diag/trace.o
LOAD ./system/src/cortexm/exception-handlers.o
LOAD ./system/src/cortexm/initialize-hardware.o
LOAD ./system/src/cortexm/reset-hardware.o
LOAD ./system/src/cmsis/system_stm32f4xx.o
LOAD ./system/src/cmsis/vectors_stm32f401xe.o
LOAD ./src/main.o
LOAD ./Rcc/Rcc.o
LOAD ./Gpio/Gpio.o
LOAD ./GPT/GPT.o
LOAD c:/program files (x86)/gnu arm embedded toolchain/10 2021.10/bin/../lib/gcc/arm-none-eabi/10.3.1/../../../../arm-none-eabi/lib/thumb/v7e-m/nofp\libstdc++_nano.a
LOAD c:/program files (x86)/gnu arm embedded toolchain/10 2021.10/bin/../lib/gcc/arm-none-eabi/10.3.1/../../../../arm-none-eabi/lib/thumb/v7e-m/nofp\libm.a
START GROUP
LOAD c:/program files (x86)/gnu arm embedded toolchain/10 2021.10/bin/../lib/gcc/arm-none-eabi/10.3.1/thumb/v7e-m/nofp\libgcc.a
LOAD c:/program files (x86)/gnu arm embedded toolchain/10 2021.10/bin/../lib/gcc/arm-none-eabi/10.3.1/../../../../arm-none-eabi/lib/thumb/v7e-m/nofp\libg_nano.a
LOAD c:/program files (x86)/gnu arm embedded toolchain/10 2021.10/bin/../lib/gcc/arm-none-eabi/10.3.1/../../../../arm-none-eabi/lib/thumb/v7e-m/nofp\libc_nano.a
END GROUP
START GROUP
LOAD c:/program files (x86)/gnu arm embedded toolchain/10 2021.10/bin/../lib/gcc/arm-none-eabi/10.3.1/thumb/v7e-m/nofp\libgcc.a
LOAD c:/program files (x86)/gnu arm embedded toolchain/10 2021.10/bin/../lib/gcc/arm-none-eabi/10.3.1/../../../../arm-none-eabi/lib/thumb/v7e-m/nofp\libc_nano.a
END GROUP
                0x20010000                __stack = (ORIGIN (RAM) + LENGTH (RAM))
                0x20010000                _estack = __stack
                0x00000400                __Main_Stack_Size = 0x400
                [!provide]                PROVIDE (_Main_Stack_Size = __Main_Stack_Size)
                0x2000fc00                __Main_Stack_Limit = (__stack - __Main_Stack_Size)
                [!provide]                PROVIDE (_Main_Stack_Limit = __Main_Stack_Limit)
                0x00000100                _Minimum_Stack_Size = 0x100
                0x20000028                PROVIDE (_Heap_Begin = _end_noinit)
                0x2000fc00                PROVIDE (_Heap_Limit = (__stack - __Main_Stack_Size))

.isr_vector     0x08000000      0x2c6
 FILL mask 0xff
                0x08000000                __vectors_start = ABSOLUTE (.)
                0x08000000                __vectors_start__ = ABSOLUTE (.)
 *(.isr_vector)
 .isr_vector    0x08000000      0x194 ./system/src/cmsis/vectors_stm32f401xe.o
                0x08000000                __isr_vectors
 *(.cfmconfig)
 *(.after_vectors .after_vectors.*)
 .after_vectors
                0x08000194       0xcc ./system/src/newlib/startup.o
                0x08000194                _start
 .after_vectors
                0x08000260       0x64 ./system/src/cortexm/exception-handlers.o
                0x08000260                Reset_Handler
                0x08000264                NMI_Handler
                0x08000266                HardFault_Handler
                0x0800027a                HardFault_Handler_C
                0x0800027c                MemManage_Handler
                0x0800027e                BusFault_Handler
                0x08000292                BusFault_Handler_C
                0x08000294                UsageFault_Handler
                0x080002a8                UsageFault_Handler_C
                0x080002aa                SVC_Handler
                0x080002ac                DebugMon_Handler
                0x080002ae                PendSV_Handler
                0x080002b0                SysTick_Handler
 .after_vectors
                0x080002c4        0x2 ./system/src/cmsis/vectors_stm32f401xe.o
                0x080002c4                RTC_Alarm_IRQHandler
                0x080002c4                EXTI2_IRQHandler
                0x080002c4                SPI4_IRQHandler
                0x080002c4                TIM1_CC_IRQHandler
                0x080002c4                DMA2_Stream5_IRQHandler
                0x080002c4                DMA1_Stream5_IRQHandler
                0x080002c4                PVD_IRQHandler
                0x080002c4                SDIO_IRQHandler
                0x080002c4                TAMP_STAMP_IRQHandler
                0x080002c4                EXTI3_IRQHandler
                0x080002c4                TIM1_UP_TIM10_IRQHandler
                0x080002c4                I2C3_ER_IRQHandler
                0x080002c4                EXTI0_IRQHandler
                0x080002c4                I2C2_EV_IRQHandler
                0x080002c4                DMA1_Stream2_IRQHandler
                0x080002c4                FPU_IRQHandler
                0x080002c4                DMA2_Stream2_IRQHandler
                0x080002c4                SPI1_IRQHandler
                0x080002c4                TIM1_BRK_TIM9_IRQHandler
                0x080002c4                DMA2_Stream3_IRQHandler
                0x080002c4                USART6_IRQHandler
                0x080002c4                DMA2_Stream0_IRQHandler
                0x080002c4                TIM4_IRQHandler
                0x080002c4                I2C1_EV_IRQHandler
                0x080002c4                DMA1_Stream6_IRQHandler
                0x080002c4                DMA1_Stream1_IRQHandler
                0x080002c4                TIM3_IRQHandler
                0x080002c4                RCC_IRQHandler
                0x080002c4                Default_Handler
                0x080002c4                EXTI15_10_IRQHandler
                0x080002c4                ADC_IRQHandler
                0x080002c4                DMA1_Stream7_IRQHandler
                0x080002c4                TIM5_IRQHandler
                0x080002c4                DMA2_Stream7_IRQHandler
                0x080002c4                I2C3_EV_IRQHandler
                0x080002c4                EXTI9_5_IRQHandler
                0x080002c4                RTC_WKUP_IRQHandler
                0x080002c4                SPI2_IRQHandler
                0x080002c4                DMA1_Stream0_IRQHandler
                0x080002c4                EXTI4_IRQHandler
                0x080002c4                WWDG_IRQHandler
                0x080002c4                TIM2_IRQHandler
                0x080002c4                OTG_FS_WKUP_IRQHandler
                0x080002c4                TIM1_TRG_COM_TIM11_IRQHandler
                0x080002c4                EXTI1_IRQHandler
                0x080002c4                USART2_IRQHandler
                0x080002c4                I2C2_ER_IRQHandler
                0x080002c4                DMA2_Stream1_IRQHandler
                0x080002c4                FLASH_IRQHandler
                0x080002c4                DMA2_Stream4_IRQHandler
                0x080002c4                USART1_IRQHandler
                0x080002c4                OTG_FS_IRQHandler
                0x080002c4                SPI3_IRQHandler
                0x080002c4                DMA1_Stream4_IRQHandler
                0x080002c4                I2C1_ER_IRQHandler
                0x080002c4                DMA2_Stream6_IRQHandler
                0x080002c4                DMA1_Stream3_IRQHandler

.inits          0x080002c8       0x28
                0x080002c8                __data_regions_array_start = .
                0x080002c8        0x4 LONG 0x800076c LOADADDR (.data)
                0x080002cc        0x4 LONG 0x20000000 ADDR (.data)
                0x080002d0        0x4 LONG 0x20000010 (ADDR (.data) + SIZEOF (.data))
                0x080002d4        0x4 LONG 0x800076c LOADADDR (.data_CCMRAM)
                0x080002d8        0x4 LONG 0x10000000 ADDR (.data_CCMRAM)
                0x080002dc        0x4 LONG 0x10000000 (ADDR (.data_CCMRAM) + SIZEOF (.data_CCMRAM))
                0x080002e0                __data_regions_array_end = .
                0x080002e0                __bss_regions_array_start = .
                0x080002e0        0x4 LONG 0x20000010 ADDR (.bss)
                0x080002e4        0x4 LONG 0x20000028 (ADDR (.bss) + SIZEOF (.bss))
                0x080002e8        0x4 LONG 0x10000000 ADDR (.bss_CCMRAM)
                0x080002ec        0x4 LONG 0x10000000 (ADDR (.bss_CCMRAM) + SIZEOF (.bss_CCMRAM))
                0x080002f0                __bss_regions_array_end = .
 *(.init)
 *(.fini)
                0x080002f0                . = ALIGN (0x4)
                0x080002f0                PROVIDE (__preinit_array_start = .)
 *(.preinit_array_sysinit .preinit_array_sysinit.*)
 *(.preinit_array_platform .preinit_array_platform.*)
 *(.preinit_array .preinit_array.*)
                0x080002f0                PROVIDE (__preinit_array_end = .)
                0x080002f0                . = ALIGN (0x4)
                0x080002f0                PROVIDE (__init_array_start = .)
 *(SORT_BY_NAME(.init_array.*))
 *(.init_array)
                0x080002f0                PROVIDE (__init_array_end = .)
                0x080002f0                . = ALIGN (0x4)
                0x080002f0                PROVIDE (__fini_array_start = .)
 *(SORT_BY_NAME(.fini_array.*))
 *(.fini_array)
                0x080002f0                PROVIDE (__fini_array_end = .)

.flashtext
 *(.flashtext .flashtext.*)

.text           0x080002f0      0x47c
 *(.text .text.*)
 .text._exit    0x080002f0        0x6 ./system/src/newlib/exit.o
                0x080002f0                _exit
 *fill*         0x080002f6        0x2 
 .text.__initialize_args
                0x080002f8       0x10 ./system/src/newlib/syscalls.o
                0x080002f8                __initialize_args
 .text.__initialize_hardware_early
                0x08000308       0x18 ./system/src/cortexm/initialize-hardware.o
                0x08000308                __initialize_hardware_early
 .text.__initialize_hardware
                0x08000320        0x4 ./system/src/cortexm/initialize-hardware.o
                0x08000320                __initialize_hardware
 .text.__reset_hardware
                0x08000324       0x24 ./system/src/cortexm/reset-hardware.o
                0x08000324                __reset_hardware
 .text.SystemInit
                0x08000348       0x10 ./system/src/cmsis/system_stm32f4xx.o
                0x08000348                SystemInit
 .text.SystemCoreClockUpdate
                0x08000358       0x74 ./system/src/cmsis/system_stm32f4xx.o
                0x08000358                SystemCoreClockUpdate
 .text.case2    0x080003cc       0x48 ./src/main.o
                0x080003cc                case2
 .text.case4    0x08000414       0x4c ./src/main.o
                0x08000414                case4
 .text.startup.main
                0x08000460      0x168 ./src/main.o
                0x08000460                main
 .text.Rcc_Init
                0x080005c8       0x14 ./Rcc/Rcc.o
                0x080005c8                Rcc_Init
 .text.Rcc_Enable
                0x080005dc       0x68 ./Rcc/Rcc.o
                0x080005dc                Rcc_Enable
 .text.GPIO_Init
                0x08000644       0x38 ./Gpio/Gpio.o
                0x08000644                GPIO_Init
 .text.GPIO_WritePinValue
                0x0800067c       0x20 ./Gpio/Gpio.o
                0x0800067c                GPIO_WritePinValue
 .text.GPIO_ReadPinState
                0x0800069c       0x34 ./Gpio/Gpio.o
                0x0800069c                GPIO_ReadPinState
 .text.GPT_Init
                0x080006d0       0x22 ./GPT/GPT.o
                0x080006d0                GPT_Init
 *fill*         0x080006f2        0x2 
 .text.GPT_StartTimer
                0x080006f4       0x28 ./GPT/GPT.o
                0x080006f4                GPT_StartTimer
 .text.GPT_CheckTimeIsElapsed
                0x0800071c       0x16 ./GPT/GPT.o
                0x0800071c                GPT_CheckTimeIsElapsed
 *fill*         0x08000732        0x2 
 .text.GPT_GetElapsedTime
                0x08000734       0x28 ./GPT/GPT.o
                0x08000734                GPT_GetElapsedTime
 *(.rodata .rodata.* .constdata .constdata.*)
 .rodata.AHBPrescTable
                0x0800075c       0x10 ./system/src/cmsis/system_stm32f4xx.o
                0x0800075c                AHBPrescTable
 *(vtable)
 *(.eh_frame*)
 *(.glue_7)
 .glue_7        0x0800076c        0x0 linker stubs
 *(.glue_7t)
 .glue_7t       0x0800076c        0x0 linker stubs

.vfp11_veneer   0x0800076c        0x0
 .vfp11_veneer  0x0800076c        0x0 linker stubs

.v4_bx          0x0800076c        0x0
 .v4_bx         0x0800076c        0x0 linker stubs

.iplt           0x0800076c        0x0
 .iplt          0x0800076c        0x0 ./system/src/newlib/exit.o

.rel.dyn        0x0800076c        0x0
 .rel.iplt      0x0800076c        0x0 ./system/src/newlib/exit.o

.ARM.extab
 *(.ARM.extab* .gnu.linkonce.armextab.*)
                0x0800076c                . = ALIGN (0x4)
                0x0800076c                __exidx_start = .

.ARM.exidx
 *(.ARM.exidx* .gnu.linkonce.armexidx.*)
                0x0800076c                __exidx_end = .
                0x0800076c                . = ALIGN (0x4)
                0x0800076c                _etext = .
                0x0800076c                __etext = .

.data_CCMRAM    0x10000000        0x0 load address 0x0800076c
 FILL mask 0xff
 *(.data.CCMRAM .data.CCMRAM.*)
                0x10000000                . = ALIGN (0x4)
                0x0800076c                _sidata = LOADADDR (.data)

.data           0x20000000       0x10 load address 0x0800076c
 FILL mask 0xff
                0x20000000                _sdata = .
                0x20000000                __data_start__ = .
 *(.data_begin .data_begin.*)
 *(.data .data.*)
 .data.argv.1   0x20000000        0x8 ./system/src/newlib/syscalls.o
 .data.SystemCoreClock
                0x20000008        0x4 ./system/src/cmsis/system_stm32f4xx.o
                0x20000008                SystemCoreClock
 .data.last_state
                0x2000000c        0x1 ./Gpio/Gpio.o
                0x2000000c                last_state
 *(.data_end .data_end.*)
                0x20000010                . = ALIGN (0x4)
 *fill*         0x2000000d        0x3 ff
                0x20000010                _edata = .
                0x20000010                __data_end__ = .

.igot.plt       0x20000010        0x0 load address 0x0800077c
 .igot.plt      0x20000010        0x0 ./system/src/newlib/exit.o

.bss_CCMRAM     0x10000000        0x0
 *(.bss.CCMRAM .bss.CCMRAM.*)

.bss            0x20000010       0x18
                0x20000010                __bss_start__ = .
                0x20000010                _sbss = .
 *(.bss_begin .bss_begin.*)
 *(.bss .bss.*)
 .bss.name.0    0x20000010        0x1 ./system/src/newlib/syscalls.o
 .bss.caseFlag  0x20000011        0x1 ./src/main.o
                0x20000011                caseFlag
 .bss.doorButton
                0x20000012        0x1 ./src/main.o
                0x20000012                doorButton
 .bss.doorButton2
                0x20000013        0x1 ./src/main.o
                0x20000013                doorButton2
 .bss.doorOpen  0x20000014        0x1 ./src/main.o
                0x20000014                doorOpen
 .bss.doorState
                0x20000015        0x1 ./src/main.o
                0x20000015                doorState
 .bss.handlerPressed
                0x20000016        0x1 ./src/main.o
                0x20000016                handlerPressed
 .bss.safe      0x20000017        0x1 ./src/main.o
                0x20000017                safe
 .bss.tenSecflag
                0x20000018        0x1 ./src/main.o
                0x20000018                tenSecflag
 *fill*         0x20000019        0x3 
 .bss.timeElapsed
                0x2000001c        0x4 ./src/main.o
                0x2000001c                timeElapsed
 .bss.state     0x20000020        0x1 ./Gpio/Gpio.o
                0x20000020                state
 *fill*         0x20000021        0x1 
 .bss.called    0x20000022        0x2 ./GPT/GPT.o
                0x20000022                called
 .bss.elapsedTime
                0x20000024        0x4 ./GPT/GPT.o
                0x20000024                elapsedTime
 *(COMMON)
 *(.bss_end .bss_end.*)
                0x20000028                . = ALIGN (0x4)
                0x20000028                __bss_end__ = .
                0x20000028                _ebss = .

.noinit_CCMRAM
 *(.noinit.CCMRAM .noinit.CCMRAM.*)

.noinit         0x20000028        0x0
                0x20000028                _noinit = .
 *(.noinit .noinit.*)
                0x20000028                . = ALIGN (0x4)
                0x20000028                _end_noinit = .
                [!provide]                PROVIDE (end = _end_noinit)
                [!provide]                PROVIDE (_end = _end_noinit)
                [!provide]                PROVIDE (__end = _end_noinit)
                [!provide]                PROVIDE (__end__ = _end_noinit)

._check_stack   0x20000028      0x100
                0x20000128                . = (. + _Minimum_Stack_Size)
 *fill*         0x20000028      0x100 

.b1text
 *(.b1text)
 *(.b1rodata)
 *(.b1rodata.*)

.eb0text
 *(.eb0text)
 *(.eb0rodata)
 *(.eb0rodata.*)

.eb1text
 *(.eb1text)
 *(.eb1rodata)
 *(.eb1rodata.*)

.eb2text
 *(.eb2text)
 *(.eb2rodata)
 *(.eb2rodata.*)

.eb3text
 *(.eb3text)
 *(.eb3rodata)
 *(.eb3rodata.*)

.stab
 *(.stab)

.stabstr
 *(.stabstr)

.stab.excl
 *(.stab.excl)

.stab.exclstr
 *(.stab.exclstr)

.stab.index
 *(.stab.index)

.stab.indexstr
 *(.stab.indexstr)

.comment        0x00000000       0x49
 *(.comment)
 .comment       0x00000000       0x49 ./system/src/newlib/exit.o
                                 0x4a (size before relaxing)
 .comment       0x00000049       0x4a ./system/src/newlib/startup.o
 .comment       0x00000049       0x4a ./system/src/newlib/syscalls.o
 .comment       0x00000049       0x4a ./system/src/cortexm/exception-handlers.o
 .comment       0x00000049       0x4a ./system/src/cortexm/initialize-hardware.o
 .comment       0x00000049       0x4a ./system/src/cortexm/reset-hardware.o
 .comment       0x00000049       0x4a ./system/src/cmsis/system_stm32f4xx.o
 .comment       0x00000049       0x4a ./system/src/cmsis/vectors_stm32f401xe.o
 .comment       0x00000049       0x4a ./src/main.o
 .comment       0x00000049       0x4a ./Rcc/Rcc.o
 .comment       0x00000049       0x4a ./Gpio/Gpio.o
 .comment       0x00000049       0x4a ./GPT/GPT.o

.ARM.attributes
                0x00000000       0x2e
 .ARM.attributes
                0x00000000       0x2e ./system/src/newlib/exit.o
 .ARM.attributes
                0x0000002e       0x2e ./system/src/newlib/startup.o
 .ARM.attributes
                0x0000005c       0x2e ./system/src/newlib/syscalls.o
 .ARM.attributes
                0x0000008a       0x2e ./system/src/cortexm/exception-handlers.o
 .ARM.attributes
                0x000000b8       0x2e ./system/src/cortexm/initialize-hardware.o
 .ARM.attributes
                0x000000e6       0x2e ./system/src/cortexm/reset-hardware.o
 .ARM.attributes
                0x00000114       0x2e ./system/src/cmsis/system_stm32f4xx.o
 .ARM.attributes
                0x00000142       0x2e ./system/src/cmsis/vectors_stm32f401xe.o
 .ARM.attributes
                0x00000170       0x2e ./src/main.o
 .ARM.attributes
                0x0000019e       0x2e ./Rcc/Rcc.o
 .ARM.attributes
                0x000001cc       0x2e ./Gpio/Gpio.o
 .ARM.attributes
                0x000001fa       0x2e ./GPT/GPT.o

.debug
 *(.debug)

.line
 *(.line)

.debug_srcinfo
 *(.debug_srcinfo)

.debug_sfnames
 *(.debug_sfnames)

.debug_aranges  0x00000000      0x278
 *(.debug_aranges)
 .debug_aranges
                0x00000000       0x28 ./system/src/newlib/exit.o
 .debug_aranges
                0x00000028       0x40 ./system/src/newlib/startup.o
 .debug_aranges
                0x00000068       0x30 ./system/src/newlib/syscalls.o
 .debug_aranges
                0x00000098       0x80 ./system/src/cortexm/exception-handlers.o
 .debug_aranges
                0x00000118       0x28 ./system/src/cortexm/initialize-hardware.o
 .debug_aranges
                0x00000140       0x20 ./system/src/cortexm/reset-hardware.o
 .debug_aranges
                0x00000160       0x28 ./system/src/cmsis/system_stm32f4xx.o
 .debug_aranges
                0x00000188       0x20 ./system/src/cmsis/vectors_stm32f401xe.o
 .debug_aranges
                0x000001a8       0x30 ./src/main.o
 .debug_aranges
                0x000001d8       0x30 ./Rcc/Rcc.o
 .debug_aranges
                0x00000208       0x30 ./Gpio/Gpio.o
 .debug_aranges
                0x00000238       0x40 ./GPT/GPT.o

.debug_pubnames
 *(.debug_pubnames)

.debug_info     0x00000000     0x1f2f
 *(.debug_info .gnu.linkonce.wi.*)
 .debug_info    0x00000000      0x107 ./system/src/newlib/exit.o
 .debug_info    0x00000107      0x50e ./system/src/newlib/startup.o
 .debug_info    0x00000615      0x1d1 ./system/src/newlib/syscalls.o
 .debug_info    0x000007e6      0x29e ./system/src/cortexm/exception-handlers.o
 .debug_info    0x00000a84      0x2a8 ./system/src/cortexm/initialize-hardware.o
 .debug_info    0x00000d2c      0x2b1 ./system/src/cortexm/reset-hardware.o
 .debug_info    0x00000fdd      0x545 ./system/src/cmsis/system_stm32f4xx.o
 .debug_info    0x00001522       0xca ./system/src/cmsis/vectors_stm32f401xe.o
 .debug_info    0x000015ec      0x44f ./src/main.o
 .debug_info    0x00001a3b      0x148 ./Rcc/Rcc.o
 .debug_info    0x00001b83      0x135 ./Gpio/Gpio.o
 .debug_info    0x00001cb8      0x277 ./GPT/GPT.o

.debug_abbrev   0x00000000      0xbc5
 *(.debug_abbrev)
 .debug_abbrev  0x00000000       0xc8 ./system/src/newlib/exit.o
 .debug_abbrev  0x000000c8      0x1e4 ./system/src/newlib/startup.o
 .debug_abbrev  0x000002ac      0x10b ./system/src/newlib/syscalls.o
 .debug_abbrev  0x000003b7       0xec ./system/src/cortexm/exception-handlers.o
 .debug_abbrev  0x000004a3       0xf4 ./system/src/cortexm/initialize-hardware.o
 .debug_abbrev  0x00000597      0x109 ./system/src/cortexm/reset-hardware.o
 .debug_abbrev  0x000006a0      0x119 ./system/src/cmsis/system_stm32f4xx.o
 .debug_abbrev  0x000007b9       0xa2 ./system/src/cmsis/vectors_stm32f401xe.o
 .debug_abbrev  0x0000085b      0x12b ./src/main.o
 .debug_abbrev  0x00000986       0x8c ./Rcc/Rcc.o
 .debug_abbrev  0x00000a12       0xce ./Gpio/Gpio.o
 .debug_abbrev  0x00000ae0       0xe5 ./GPT/GPT.o

.debug_line     0x00000000     0x14a5
 *(.debug_line)
 .debug_line    0x00000000      0x162 ./system/src/newlib/exit.o
 .debug_line    0x00000162      0x336 ./system/src/newlib/startup.o
 .debug_line    0x00000498      0x19c ./system/src/newlib/syscalls.o
 .debug_line    0x00000634      0x259 ./system/src/cortexm/exception-handlers.o
 .debug_line    0x0000088d      0x135 ./system/src/cortexm/initialize-hardware.o
 .debug_line    0x000009c2      0x14c ./system/src/cortexm/reset-hardware.o
 .debug_line    0x00000b0e      0x1c2 ./system/src/cmsis/system_stm32f4xx.o
 .debug_line    0x00000cd0       0x6f ./system/src/cmsis/vectors_stm32f401xe.o
 .debug_line    0x00000d3f      0x34c ./src/main.o
 .debug_line    0x0000108b       0xfc ./Rcc/Rcc.o
 .debug_line    0x00001187      0x16b ./Gpio/Gpio.o
 .debug_line    0x000012f2      0x1b3 ./GPT/GPT.o

.debug_frame    0x00000000      0x3f8
 *(.debug_frame)
 .debug_frame   0x00000000       0x40 ./system/src/newlib/exit.o
 .debug_frame   0x00000040       0x80 ./system/src/newlib/startup.o
 .debug_frame   0x000000c0       0x50 ./system/src/newlib/syscalls.o
 .debug_frame   0x00000110       0xe0 ./system/src/cortexm/exception-handlers.o
 .debug_frame   0x000001f0       0x38 ./system/src/cortexm/initialize-hardware.o
 .debug_frame   0x00000228       0x20 ./system/src/cortexm/reset-hardware.o
 .debug_frame   0x00000248       0x30 ./system/src/cmsis/system_stm32f4xx.o
 .debug_frame   0x00000278       0x20 ./system/src/cmsis/vectors_stm32f401xe.o
 .debug_frame   0x00000298       0x78 ./src/main.o
 .debug_frame   0x00000310       0x40 ./Rcc/Rcc.o
 .debug_frame   0x00000350       0x40 ./Gpio/Gpio.o
 .debug_frame   0x00000390       0x68 ./GPT/GPT.o

.debug_str      0x00000000      0x9c0
 *(.debug_str)
 .debug_str     0x00000000      0x193 ./system/src/newlib/exit.o
                                0x1cc (size before relaxing)
 .debug_str     0x00000193      0x1a8 ./system/src/newlib/startup.o
                                0x347 (size before relaxing)
 .debug_str     0x0000033b       0x5b ./system/src/newlib/syscalls.o
                                0x201 (size before relaxing)
 .debug_str     0x00000396      0x128 ./system/src/cortexm/exception-handlers.o
                                0x2ab (size before relaxing)
 .debug_str     0x000004be       0xc3 ./system/src/cortexm/initialize-hardware.o
                                0x270 (size before relaxing)
 .debug_str     0x00000581       0x40 ./system/src/cortexm/reset-hardware.o
                                0x232 (size before relaxing)
 .debug_str     0x000005c1      0x16d ./system/src/cmsis/system_stm32f4xx.o
                                0x374 (size before relaxing)
 .debug_str     0x0000072e       0x59 ./system/src/cmsis/vectors_stm32f401xe.o
                                0x1cb (size before relaxing)
 .debug_str     0x00000787      0x13b ./src/main.o
                                0x2ac (size before relaxing)
 .debug_str     0x000008c2       0x42 ./Rcc/Rcc.o
                                0x1ea (size before relaxing)
 .debug_str     0x00000904       0x28 ./Gpio/Gpio.o
                                0x1dc (size before relaxing)
 .debug_str     0x0000092c       0x94 ./GPT/GPT.o
                                0x275 (size before relaxing)

.debug_loc      0x00000000      0x857
 *(.debug_loc)
 .debug_loc     0x00000000       0x25 ./system/src/newlib/exit.o
 .debug_loc     0x00000025      0x42e ./system/src/newlib/startup.o
 .debug_loc     0x00000453       0x6f ./system/src/newlib/syscalls.o
 .debug_loc     0x000004c2       0x7e ./system/src/cortexm/exception-handlers.o
 .debug_loc     0x00000540      0x118 ./system/src/cmsis/system_stm32f4xx.o
 .debug_loc     0x00000658       0x24 ./src/main.o
 .debug_loc     0x0000067c      0x118 ./Rcc/Rcc.o
 .debug_loc     0x00000794       0xc3 ./Gpio/Gpio.o

.debug_macinfo
 *(.debug_macinfo)

.debug_weaknames
 *(.debug_weaknames)

.debug_funcnames
 *(.debug_funcnames)

.debug_typenames
 *(.debug_typenames)

.debug_varnames
 *(.debug_varnames)
OUTPUT(TryProject.elf elf32-littlearm)
LOAD linker stubs

.debug_ranges   0x00000000      0x270
 .debug_ranges  0x00000000       0x18 ./system/src/newlib/exit.o
 .debug_ranges  0x00000018       0xd0 ./system/src/newlib/startup.o
 .debug_ranges  0x000000e8       0x20 ./system/src/newlib/syscalls.o
 .debug_ranges  0x00000108       0x70 ./system/src/cortexm/exception-handlers.o
 .debug_ranges  0x00000178       0x18 ./system/src/cortexm/initialize-hardware.o
 .debug_ranges  0x00000190       0x10 ./system/src/cortexm/reset-hardware.o
 .debug_ranges  0x000001a0       0x18 ./system/src/cmsis/system_stm32f4xx.o
 .debug_ranges  0x000001b8       0x10 ./system/src/cmsis/vectors_stm32f401xe.o
 .debug_ranges  0x000001c8       0x38 ./src/main.o
 .debug_ranges  0x00000200       0x20 ./Rcc/Rcc.o
 .debug_ranges  0x00000220       0x20 ./Gpio/Gpio.o
 .debug_ranges  0x00000240       0x30 ./GPT/GPT.o
